    recovered 2 complete PICO object(s) from a truncated/malformed response
    recovered 3 complete PICO object(s) from a truncated/malformed response
    recovered 2 complete PICO object(s) from a truncated/malformed response
    recovered 1 complete PICO object(s) from a truncated/malformed response
    [population-scope] EXCLUDED comparator finding 'Standard-of-care chemotherapy (topotecan, lurbinectedin, or amrubicin)' (Czech Republic): This finding's own text signals 'second line', which does not match the requested population's line of therapy ('no progression') - verify this is genuinely a comparator for the REQUESTED population before relying on it.
    [population-scope] EXCLUDED comparator finding 'Standard-of-care chemotherapy (topotecan, lurbinectedin, or amrubicin)' (Belgium): This finding's own text signals 'second line', which does not match the requested population's line of therapy ('no progression') - verify this is genuinely a comparator for the REQUESTED population before relying on it.
    [population-scope] EXCLUDED comparator finding 'Standard-of-care chemotherapy (topotecan, lurbinectedin, or amrubicin)' (Austria): This finding's own text signals 'second line', which does not match the requested population's line of therapy ('no progression') - verify this is genuinely a comparator for the REQUESTED population before relying on it.
    [population-scope] EXCLUDED comparator finding 'Standard-of-care chemotherapy (topotecan, lurbinectedin, or amrubicin)' (Hungary): This finding's own text signals 'second line', which does not match the requested population's line of therapy ('no progression') - verify this is genuinely a comparator for the REQUESTED population before relying on it.
    [population-scope] EXCLUDED comparator finding 'Standard-of-care chemotherapy (topotecan, lurbinectedin, or amrubicin)' (Latvia): This finding's own text signals 'second line', which does not match the requested population's line of therapy ('no progression') - verify this is genuinely a comparator for the REQUESTED population before relying on it.
    [population-scope] EXCLUDED comparator finding 'Standard-of-care chemotherapy (topotecan, lurbinectedin, or amrubicin)' (Italy): This finding's own text signals 'second line', which does not match the requested population's line of therapy ('no progression') - verify this is genuinely a comparator for the REQUESTED population before relying on it.
    [population-scope] EXCLUDED comparator finding 'Standard-of-care chemotherapy (topotecan, lurbinectedin, or amrubicin)' (Lithuania): This finding's own text signals 'second line', which does not match the requested population's line of therapy ('no progression') - verify this is genuinely a comparator for the REQUESTED population before relying on it.
    [population-scope] EXCLUDED comparator finding 'Standard-of-care chemotherapy (topotecan, lurbinectedin, or amrubicin)' (Malta): This finding's own text signals 'second line', which does not match the requested population's line of therapy ('no progression') - verify this is genuinely a comparator for the REQUESTED population before relying on it.
    [population-scope] EXCLUDED comparator finding 'Standard-of-care chemotherapy (topotecan, lurbinectedin, or amrubicin)' (Poland): This finding's own text signals 'second line', which does not match the requested population's line of therapy ('no progression') - verify this is genuinely a comparator for the REQUESTED population before relying on it.
    [population-scope] EXCLUDED comparator finding 'Standard-of-care chemotherapy (topotecan, lurbinectedin, or amrubicin)' (Portugal): This finding's own text signals 'second line', which does not match the requested population's line of therapy ('no progression') - verify this is genuinely a comparator for the REQUESTED population before relying on it.
    [population-scope] EXCLUDED comparator finding 'Standard-of-care chemotherapy (topotecan, lurbinectedin, or amrubicin)' (Slovakia): This finding's own text signals 'second line', which does not match the requested population's line of therapy ('no progression') - verify this is genuinely a comparator for the REQUESTED population before relying on it.
    [population-scope] EXCLUDED comparator finding 'Standard-of-care chemotherapy (topotecan, lurbinectedin, or amrubicin), n = 255' (Slovenia): This finding's own text signals 'second line', which does not match the requested population's line of therapy ('no progression') - verify this is genuinely a comparator for the REQUESTED population before relying on it.
    [population-scope] 12 finding(s) excluded for a population/line-of-therapy scope mismatch before harmonization
    [population-relevance] attempt 1/1 on 'Chemotherapy' vs https://www.has-sante.fr/jcms/p_3184911/en/tecentriq-es-sclc: NOT confirmed (The chemotherapy comparator here is studied against atezolizumab+chemotherapy in the first-line induction phase, not against maintenance atezolizumab alone in patients who did not progress after induction.)
    [population-relevance] EXCLUDED 'Chemotherapy' - not relevant to the requested population in any cited source (The chemotherapy comparator here is studied against atezolizumab+chemotherapy in the first-line induction phase, not against maintenance atezolizumab alone in patients who did not progress after induction.)
    [population-relevance] attempt 1/2 on 'Carboplatin + Etoposide' vs https://www.has-sante.fr/jcms/p_3184911/en/tecentriq-es-sclc: NOT confirmed (Carboplatin + etoposide is compared against atezolizumab combination during the first-line induction phase, not as a comparator studied within the maintenance phase for patients who did not progress after induction.)
    [population-relevance] attempt 2/2 on 'Carboplatin + Etoposide' vs https://ncpe.ie/wp-content/uploads/2020/09/Technical-Summary-Atezolizumab-ES-SCLC.HTA-ID-19030.pdf: NOT confirmed (Carboplatin + Etoposide is used as the induction-phase comparator and standard of care compared against ATEZO+CE in first-line induction, not as a comparator studied in the maintenance phase for patients who did not progress after induction.)
    [population-relevance] EXCLUDED 'Carboplatin + Etoposide' - not relevant to the requested population in any cited source (Carboplatin + Etoposide is used as the induction-phase comparator and standard of care compared against ATEZO+CE in first-line induction, not as a comparator studied in the maintenance phase for patients who did not progress after induction.)
    [population-relevance] attempt 1/1 on 'Cisplatin + Etoposide' vs https://ncpe.ie/wp-content/uploads/2020/09/Technical-Summary-Atezolizumab-ES-SCLC.HTA-ID-19030.pdf: NOT confirmed (The source discusses cisplatin+etoposide as a first-line induction-phase comparator to atezolizumab+CE, not as a comparator studied in the maintenance phase for patients who did not progress after first-line induction.)
    [population-relevance] EXCLUDED 'Cisplatin + Etoposide' - not relevant to the requested population in any cited source (The source discusses cisplatin+etoposide as a first-line induction-phase comparator to atezolizumab+CE, not as a comparator studied in the maintenance phase for patients who did not progress after first-line induction.)
    [population-relevance] attempt 1/2 on 'Placebo + Carboplatin + Etoposide' vs https://ncpe.ie/wp-content/uploads/2020/09/Technical-Summary-Atezolizumab-ES-SCLC.HTA-ID-19030.pdf: NOT confirmed (Placebo + Carboplatin + Etoposide is the induction-phase comparator regimen in IMpower133, given during the first-line induction cycles, not a comparator studied in the maintenance phase for patients who have not progressed after induction (where the actual comparison is atezolizumab maintenance vs. placebo maintenance alone).)
    [population-relevance] attempt 2/2 on 'Placebo + Carboplatin + Etoposide' vs https://pmc.ncbi.nlm.nih.gov/articles/PMC9469650: NOT confirmed (The source discusses placebo + carboplatin + etoposide only as the first-line induction comparator arm in IMpower133 (treatment-naive metastatic SCLC), not as a comparator studied within the maintenance phase for patients who did not progress after first-line induction (the IMforte maintenance trial compares lurbinectedin+atezolizumab vs. atezolizumab alone).)
    [population-relevance] EXCLUDED 'Placebo + Carboplatin + Etoposide' - not relevant to the requested population in any cited source (The source discusses placebo + carboplatin + etoposide only as the first-line induction comparator arm in IMpower133 (treatment-naive metastatic SCLC), not as a comparator studied within the maintenance phase for patients who did not progress after first-line induction (the IMforte maintenance trial compares lurbinectedin+atezolizumab vs. atezolizumab alone).)
    [population-relevance] attempt 1/1 on 'Topotecan' vs https://www.clinicaltrialsregister.eu/ctr-search/search?query=lurbinectedin: NOT confirmed (Topotecan appears only as a comparator/investigator's choice in relapsed/second-line SCLC trials (e.g., PM1183-C-008-21, PM1183-C-003-14), not as a comparator studied in the maintenance phase for ES-SCLC patients who did not progress after first-line induction (which is instead described in the atezolizumab maintenance trial GO43104 without topotecan).)
    [population-relevance] EXCLUDED 'Topotecan' - not relevant to the requested population in any cited source (Topotecan appears only as a comparator/investigator's choice in relapsed/second-line SCLC trials (e.g., PM1183-C-008-21, PM1183-C-003-14), not as a comparator studied in the maintenance phase for ES-SCLC patients who did not progress after first-line induction (which is instead described in the atezolizumab maintenance trial GO43104 without topotecan).)
    [population-relevance] attempt 1/1 on 'Irinotecan' vs https://www.clinicaltrialsregister.eu/ctr-search/search?query=lurbinectedin: NOT confirmed (The source's mentions of Irinotecan are in relapsed/second-line SCLC trial contexts (e.g., PM1183-C-008-21 vs. topotecan/irinotecan in relapsed SCLC) rather than as a comparator studied in the maintenance phase for patients not progressing after first-line induction (the relevant maintenance trial listed, GO43104, uses atezolizumab, not irinotecan, as the comparator).)
    [population-relevance] EXCLUDED 'Irinotecan' - not relevant to the requested population in any cited source (The source's mentions of Irinotecan are in relapsed/second-line SCLC trial contexts (e.g., PM1183-C-008-21 vs. topotecan/irinotecan in relapsed SCLC) rather than as a comparator studied in the maintenance phase for patients not progressing after first-line induction (the relevant maintenance trial listed, GO43104, uses atezolizumab, not irinotecan, as the comparator).)
    [population-relevance] attempt 1/1 on 'Cyclophosphamide + Doxorubicin + Vincristine' vs https://www.clinicaltrialsregister.eu/ctr-search/search?query=lurbinectedin: NOT confirmed (The CAV regimen (cyclophosphamide+doxorubicin+vincristine) is compared to lurbinectedin/doxorubicin in relapsed/second-line SCLC (PM1183-C-003-14), not in the maintenance-phase, non-progressed-after-first-line-induction ES-SCLC population.)
    [population-relevance] EXCLUDED 'Cyclophosphamide + Doxorubicin + Vincristine' - not relevant to the requested population in any cited source (The CAV regimen (cyclophosphamide+doxorubicin+vincristine) is compared to lurbinectedin/doxorubicin in relapsed/second-line SCLC (PM1183-C-003-14), not in the maintenance-phase, non-progressed-after-first-line-induction ES-SCLC population.)
=== Step 1: P&I Validation ===
[saved] C:\Users\abi.p\jca\PHASE1_in_our_whole_flow\phase2_pico_consolidation\results\phase1_trace\lurbinectedin\01_validation.json
=== Step 2: Input Structuring ===
[saved] C:\Users\abi.p\jca\PHASE1_in_our_whole_flow\phase2_pico_consolidation\results\phase1_trace\lurbinectedin\02_structured.json
=== Step 3 [pop0]: Therapeutic Area Resolution ===
[saved] C:\Users\abi.p\jca\PHASE1_in_our_whole_flow\phase2_pico_consolidation\results\phase1_trace\lurbinectedin\03_therapeutic_areas_pop0.json
=== Step 4 [pop0]: Retrieval Orchestrator (27-state loop) - this takes several minutes ===
    retrieval took 428.2s, 247 raw findings
[saved] C:\Users\abi.p\jca\PHASE1_in_our_whole_flow\phase2_pico_consolidation\results\phase1_trace\lurbinectedin\04_retrieval_findings_pop0.json
[saved] C:\Users\abi.p\jca\PHASE1_in_our_whole_flow\phase2_pico_consolidation\results\phase1_trace\lurbinectedin\04_retrieval_ledger_summary_pop0.json
[saved] C:\Users\abi.p\jca\PHASE1_in_our_whole_flow\phase2_pico_consolidation\results\phase1_trace\lurbinectedin\04_retrieval_population_scope_exclusions_pop0.json
=== Step 5 [pop0]: Harmonization ===
[saved] C:\Users\abi.p\jca\PHASE1_in_our_whole_flow\phase2_pico_consolidation\results\phase1_trace\lurbinectedin\05_canonicalized_findings_pop0.json
[saved] C:\Users\abi.p\jca\PHASE1_in_our_whole_flow\phase2_pico_consolidation\results\phase1_trace\lurbinectedin\05_comparator_groups_pop0.json
[saved] C:\Users\abi.p\jca\PHASE1_in_our_whole_flow\phase2_pico_consolidation\results\phase1_trace\lurbinectedin\05_outcome_groups_pop0.json
=== Step 6 [pop0]: Consolidation ===
[saved] C:\Users\abi.p\jca\PHASE1_in_our_whole_flow\phase2_pico_consolidation\results\phase1_trace\lurbinectedin\06_consolidated_comparators_pre_reverify_pop0.json
[saved] C:\Users\abi.p\jca\PHASE1_in_our_whole_flow\phase2_pico_consolidation\results\phase1_trace\lurbinectedin\06_reverify_log_pop0.json
[saved] C:\Users\abi.p\jca\PHASE1_in_our_whole_flow\phase2_pico_consolidation\results\phase1_trace\lurbinectedin\06_consolidated_comparators_post_reverify_pop0.json
[saved] C:\Users\abi.p\jca\PHASE1_in_our_whole_flow\phase2_pico_consolidation\results\phase1_trace\lurbinectedin\06_merge_log_pop0.json
[saved] C:\Users\abi.p\jca\PHASE1_in_our_whole_flow\phase2_pico_consolidation\results\phase1_trace\lurbinectedin\06_population_relevance_log_pop0.json
[saved] C:\Users\abi.p\jca\PHASE1_in_our_whole_flow\phase2_pico_consolidation\results\phase1_trace\lurbinectedin\06_consolidated_comparators_final_pop0.json
[saved] C:\Users\abi.p\jca\PHASE1_in_our_whole_flow\phase2_pico_consolidation\results\phase1_trace\lurbinectedin\06_consolidated_outcomes_pop0.json
[saved] C:\Users\abi.p\jca\PHASE1_in_our_whole_flow\phase2_pico_consolidation\results\phase1_trace\lurbinectedin\06_by_member_state_pop0.json
=== Step 7 [pop0]: PICO Set Derivation ===
[saved] C:\Users\abi.p\jca\PHASE1_in_our_whole_flow\phase2_pico_consolidation\results\phase1_trace\lurbinectedin\07_pico_sets_pop0.json
[saved] C:\Users\abi.p\jca\PHASE1_in_our_whole_flow\phase2_pico_consolidation\results\phase1_trace\lurbinectedin\08_final_scoping_output_pop0.json
[saved] C:\Users\abi.p\jca\PHASE1_in_our_whole_flow\phase2_pico_consolidation\results\phase1_trace\lurbinectedin\09_orchestrator_result.json

Total elapsed: 733.2s
Full traced output directory: C:\Users\abi.p\jca\PHASE1_in_our_whole_flow\phase2_pico_consolidation\results\phase1_trace\lurbinectedin
